<?xml version="1.0" encoding="UTF-8"?><mappingRoot xmlns="http://www.ibm.com/2008/ccl/Mapping" domainID="com.ibm.msl.mapping.xml" targetNamespace="http://Remittance_JDBC_Common_Toolkit_Implementation/xslt/MappingRemittanceTransactionInsertReq_req_1" version="8.0.4.0" xmlns:map="http://Remittance_JDBC_Common_Toolkit_Implementation/xslt/MappingRemittanceTransactionInsertReq_req_1">
    <input correlationContext="" message="{http://Remittance_JDBC_Common_Toolkit_Library/RemittanceTransactionIntf}insertMsg" sharedContext="" smoName="wsdl-primary" transientContext="" type="smo" types="" xpath="/body"/>
    <output correlationContext="" message="{http://Remittance_JDBC_Common_Toolkit_Implementation/JDBCImport}createBpm_Sor_RemittanceRemittance_TransactionBGRequestMsg" sharedContext="" smoName="wsdl-primary" transientContext="" type="smo" types="" xpath="/body"/>
    <namespaces>
        <namespace kind="supplement" prefix="in2" uri="http://RSD"/>
        <namespace kind="supplement" prefix="in4" uri="http://TCBT24Library"/>
        <namespace kind="supplement" prefix="in3" uri="http://Remittance_JDBC_Common_Toolkit_Library/InsertRemittanceTransaction"/>
        <namespace kind="supplement" prefix="io5" uri="http://www.w3.org/2003/05/soap-envelope"/>
        <namespace kind="supplement" prefix="io4" uri="http://www.ibm.com/xmlns/prod/websphere/http/sca/6.1.0"/>
        <namespace kind="supplement" prefix="io3" uri="http://www.ibm.com/websphere/sibx/smo/v6.0.1"/>
        <namespace kind="supplement" prefix="io2" uri="http://www.w3.org/2005/08/addressing"/>
        <namespace kind="supplement" prefix="io6" uri="http://www.ibm.com/xmlns/prod/websphere/mq/sca/6.0.0"/>
        <namespace kind="supplement" prefix="in5" uri="http://Remittance_JDBC_Common_Toolkit_Library/RemittanceTransactionIntf"/>
        <namespace kind="supplement" prefix="in6" uri="wsdl.http://Remittance_JDBC_Common_Toolkit_Library/RemittanceTransactionIntf"/>
        <namespace kind="supplement" prefix="in" uri="http://TCBOR"/>
        <namespace kind="supplement" prefix="io" uri="http://schemas.xmlsoap.org/ws/2004/08/addressing"/>
        <namespace kind="supplement" prefix="out7" uri="http://www.ibm.com/xmlns/prod/websphere/j2ca/jdbc/bpm_sor_remittancegeneral_informationlist"/>
        <namespace kind="supplement" prefix="out6" uri="http://www.ibm.com/xmlns/prod/websphere/j2ca/jdbc/bpm_sor_remittanceremittance_transactionlist"/>
        <namespace kind="supplement" prefix="out9" uri="http://www.ibm.com/xmlns/prod/websphere/j2ca/jdbc/bpm_sor_remittanceremittance_transactionupdateallinputbg"/>
        <namespace kind="supplement" prefix="out8" uri="http://www.ibm.com/xmlns/prod/websphere/j2ca/jdbc/bpm_sor_remittanceresource_status"/>
        <namespace kind="supplement" prefix="out48" uri="http://www.ibm.com/xmlns/prod/websphere/bo/6.0.0"/>
        <namespace kind="supplement" prefix="out11" uri="http://www.ibm.com/xmlns/prod/websphere/j2ca/jdbc/bulkoperationresult/deleteallresult"/>
        <namespace kind="supplement" prefix="out3" uri="http://www.ibm.com/xmlns/prod/websphere/j2ca/jdbc/bpm_sor_remittanceremittance_transactionbg"/>
        <namespace kind="supplement" prefix="out49" uri="http://www.ibm.com/xmlns/prod/websphere/j2ca/jdbc/bpm_sor_remittanceresource_statusupdateallinput"/>
        <namespace kind="supplement" prefix="out12" uri="http://www.ibm.com/xmlns/prod/websphere/j2ca/jdbc/bpm_sor_remittancedocumentlistbg"/>
        <namespace kind="supplement" prefix="out2" uri="http://www.ibm.com/xmlns/prod/websphere/j2ca/jdbc/bpm_sor_remittanceresource_statuslist"/>
        <namespace kind="supplement" prefix="out46" uri="http://www.ibm.com/xmlns/prod/websphere/j2ca/jdbc/bpm_sor_remittancedocumentcontainer"/>
        <namespace kind="supplement" prefix="out5" uri="http://www.ibm.com/xmlns/prod/websphere/j2ca/jdbc/bpm_sor_remittancedocument"/>
        <namespace kind="supplement" prefix="out47" uri="http://www.ibm.com/xmlns/prod/websphere/j2ca/jdbc/bpm_sor_remittancegeneral_informationbatchresult"/>
        <namespace kind="supplement" prefix="out4" uri="http://www.ibm.com/xmlns/prod/websphere/j2ca/jdbc/bpm_sor_remittancedocumentbatchresult"/>
        <namespace kind="supplement" prefix="out10" uri="http://www.ibm.com/xmlns/prod/websphere/j2ca/jdbc/bpm_sor_remittanceremittance_transactionupdateallinput"/>
        <namespace kind="supplement" prefix="out41" uri="http://www.ibm.com/xmlns/prod/websphere/j2ca/jdbc/bpm_sor_remittanceaccounting_information"/>
        <namespace kind="supplement" prefix="out19" uri="http://www.ibm.com/xmlns/prod/websphere/j2ca/jdbc/bpm_sor_remittanceaccounting_informationbg"/>
        <namespace kind="supplement" prefix="out40" uri="http://www.ibm.com/xmlns/prod/websphere/j2ca/jdbc/bpm_sor_remittancet24_entry_informationupdateallinputbg"/>
        <namespace kind="supplement" prefix="out18" uri="http://www.ibm.com/xmlns/prod/websphere/j2ca/jdbc/bpm_sor_remittanceaccounting_informationupdateallinput"/>
        <namespace kind="supplement" prefix="out17" uri="http://com/ibm/j2ca/fault"/>
        <namespace kind="supplement" prefix="out45" uri="http://www.ibm.com/xmlns/prod/websphere/j2ca/jdbc/bpm_sor_remittancedocumentupdateallinput"/>
        <namespace kind="supplement" prefix="out16" uri="http://www.ibm.com/xmlns/prod/websphere/j2ca/jdbc/bpm_sor_remittanceaccounting_informationlistbg"/>
        <namespace kind="supplement" prefix="out44" uri="http://www.ibm.com/xmlns/prod/websphere/j2ca/jdbc/bpm_sor_remittanceaccounting_informationupdateallinputbg"/>
        <namespace kind="supplement" prefix="out15" uri="http://www.ibm.com/xmlns/prod/websphere/j2ca/jdbc/bpm_sor_remittanceresource_statuscontainer"/>
        <namespace kind="supplement" prefix="out14" uri="http://www.ibm.com/xmlns/prod/websphere/j2ca/jdbc/bpm_sor_remittancet24_entry_informationlist"/>
        <namespace kind="supplement" prefix="out43" uri="http://www.ibm.com/xmlns/prod/websphere/j2ca/jdbc/bpm_sor_remittanceaccounting_informationbatchresult"/>
        <namespace kind="supplement" prefix="out13" uri="http://www.ibm.com/xmlns/prod/websphere/j2ca/jdbc/bpm_sor_remittancet24_entry_informationupdateallinput"/>
        <namespace kind="supplement" prefix="out42" uri="http://www.ibm.com/xmlns/prod/websphere/j2ca/jdbc/bpm_sor_remittanceresource_statusbatchresult"/>
        <namespace kind="supplement" prefix="out50" uri="http://www.ibm.com/xmlns/prod/websphere/j2ca/jdbc/bpm_sor_remittancedocumentlist"/>
        <namespace kind="supplement" prefix="out52" uri="http://www.ibm.com/xmlns/prod/websphere/j2ca/jdbc/bpm_sor_remittancet24_entry_informationbatchresult"/>
        <namespace kind="supplement" prefix="out51" uri="http://www.ibm.com/xmlns/prod/websphere/j2ca/jdbc/bpm_sor_remittanceremittance_transaction"/>
        <namespace kind="supplement" prefix="out54" uri="http://www.ibm.com/xmlns/prod/websphere/j2ca/jdbc/bpm_sor_remittancet24_entry_informationbg"/>
        <namespace kind="supplement" prefix="out53" uri="http://www.ibm.com/xmlns/prod/websphere/j2ca/jdbc/bpm_sor_remittancedocumentupdateallinputbg"/>
        <namespace kind="supplement" prefix="out56" uri="wsdl.http://Remittance_JDBC_Common_Toolkit_Implementation/JDBCImport"/>
        <namespace kind="supplement" prefix="out55" uri="http://www.ibm.com/xmlns/prod/websphere/j2ca/jdbc/bpm_sor_remittancet24_entry_informationlistbg"/>
        <namespace kind="supplement" prefix="out28" uri="http://www.ibm.com/xmlns/prod/websphere/j2ca/jdbc/bpm_sor_remittanceremittance_transactioncontainer"/>
        <namespace kind="supplement" prefix="out29" uri="http://www.ibm.com/xmlns/prod/websphere/j2ca/jdbc/bpm_sor_remittanceresource_statuslistbg"/>
        <namespace kind="supplement" prefix="out26" uri="http://www.ibm.com/xmlns/prod/websphere/j2ca/jdbc/bpm_sor_remittanceaccounting_informationcontainer"/>
        <namespace kind="supplement" prefix="out27" uri="http://www.ibm.com/xmlns/prod/websphere/j2ca/jdbc/bpm_sor_remittanceremittance_transactionlistbg"/>
        <namespace kind="supplement" prefix="out24" uri="http://Remittance_JDBC_Common_Toolkit_Implementation/JDBCImport"/>
        <namespace kind="supplement" prefix="out25" uri="http://www.ibm.com/xmlns/prod/websphere/j2ca/jdbc/bpm_sor_remittancegeneral_informationupdateallinputbg"/>
        <namespace kind="supplement" prefix="out23" uri="http://www.ibm.com/xmlns/prod/websphere/j2ca/jdbc/bpm_sor_remittancegeneral_information"/>
        <namespace kind="supplement" prefix="out22" uri="http://www.ibm.com/xmlns/prod/websphere/j2ca/jdbc/bpm_sor_remittancegeneral_informationlistbg"/>
        <namespace kind="supplement" prefix="out21" uri="http://www.ibm.com/xmlns/prod/websphere/j2ca/jdbc/bulkoperationresult/updateallresult"/>
        <namespace kind="supplement" prefix="out20" uri="http://www.ibm.com/xmlns/prod/websphere/j2ca/jdbc/bpm_sor_remittanceremittance_transactionbatchresult"/>
        <namespace kind="supplement" prefix="out39" uri="http://www.ibm.com/xmlns/prod/websphere/j2ca/jdbc/bpm_sor_remittanceaccounting_informationlist"/>
        <namespace kind="supplement" prefix="out35" uri="http://www.ibm.com/xmlns/prod/websphere/j2ca/jdbc/bpm_sor_remittancegeneral_informationbg"/>
        <namespace kind="supplement" prefix="out36" uri="http://www.ibm.com/xmlns/prod/websphere/j2ca/jdbc/bpm_sor_remittancet24_entry_informationcontainer"/>
        <namespace kind="supplement" prefix="out37" uri="http://www.ibm.com/xmlns/prod/websphere/j2ca/jdbc/bpm_sor_remittancegeneral_informationupdateallinput"/>
        <namespace kind="supplement" prefix="out38" uri="http://www.ibm.com/xmlns/prod/websphere/j2ca/jdbc/bpm_sor_remittanceresource_statusupdateallinputbg"/>
        <namespace kind="supplement" prefix="out32" uri="http://com/ibm/j2ca/fault/afcfault"/>
        <namespace kind="supplement" prefix="out31" uri="http://www.ibm.com/xmlns/prod/websphere/j2ca/jdbc/bpm_sor_remittancedocumentbg"/>
        <namespace kind="supplement" prefix="out34" uri="http://www.ibm.com/xmlns/prod/websphere/j2ca/jdbc/bpm_sor_remittancegeneral_informationcontainer"/>
        <namespace kind="supplement" prefix="out33" uri="http://www.ibm.com/xmlns/prod/websphere/j2ca/jdbc/existsresult/existsresult"/>
        <namespace kind="supplement" prefix="out30" uri="http://www.ibm.com/xmlns/prod/websphere/j2ca/jdbc/bpm_sor_remittanceresource_statusbg"/>
        <namespace kind="supplement" prefix="out" uri="http://www.ibm.com/xmlns/prod/websphere/j2ca/jdbc/bpm_sor_remittancet24_entry_information"/>
    </namespaces>
    <mappingDeclaration name="MappingRemittanceTransactionInsertReq_req_1">
        <input path="body"/>
        <output path="body"/>
        
        
        <move>
            <input path="insert/input1/id"/>
            <output path="createBpm_Sor_RemittanceRemittance_TransactionBG/createBpm_Sor_RemittanceRemittance_TransactionBGInput/Bpm_Sor_RemittanceRemittance_Transaction/id"/>
        </move>
        <move>
            <input path="insert/input1/id"/>
            <output path="createBpm_Sor_RemittanceRemittance_TransactionBG/createBpm_Sor_RemittanceRemittance_TransactionBGInput/Bpm_Sor_RemittanceRemittance_Transaction/gi_id"/>
        </move>
        <assign value="test">
            <output path="createBpm_Sor_RemittanceRemittance_TransactionBG/createBpm_Sor_RemittanceRemittance_TransactionBGInput/Bpm_Sor_RemittanceRemittance_Transaction/general_informationobj/branch_name"/>
        </assign>
        <assign value="test">
            <output path="createBpm_Sor_RemittanceRemittance_TransactionBG/createBpm_Sor_RemittanceRemittance_TransactionBGInput/Bpm_Sor_RemittanceRemittance_Transaction/general_informationobj/branch_code"/>
        </assign>
        <assign value="0.0">
            <output path="createBpm_Sor_RemittanceRemittance_TransactionBG/createBpm_Sor_RemittanceRemittance_TransactionBGInput/Bpm_Sor_RemittanceRemittance_Transaction/general_informationobj/customer_id"/>
        </assign>
        <assign value="test">
            <output path="createBpm_Sor_RemittanceRemittance_TransactionBG/createBpm_Sor_RemittanceRemittance_TransactionBGInput/Bpm_Sor_RemittanceRemittance_Transaction/general_informationobj/customer_name"/>
        </assign>
        <assign value="test">
            <output path="createBpm_Sor_RemittanceRemittance_TransactionBG/createBpm_Sor_RemittanceRemittance_TransactionBGInput/Bpm_Sor_RemittanceRemittance_Transaction/general_informationobj/customer_email"/>
        </assign>
        <assign value="test">
            <output path="createBpm_Sor_RemittanceRemittance_TransactionBG/createBpm_Sor_RemittanceRemittance_TransactionBGInput/Bpm_Sor_RemittanceRemittance_Transaction/general_informationobj/customer_address"/>
        </assign>
        <assign value="test">
            <output path="createBpm_Sor_RemittanceRemittance_TransactionBG/createBpm_Sor_RemittanceRemittance_TransactionBGInput/Bpm_Sor_RemittanceRemittance_Transaction/general_informationobj/customer_level"/>
        </assign>
        <assign value="test">
            <output path="createBpm_Sor_RemittanceRemittance_TransactionBG/createBpm_Sor_RemittanceRemittance_TransactionBGInput/Bpm_Sor_RemittanceRemittance_Transaction/general_informationobj/enterprise_scope"/>
        </assign>
        <assign value="test">
            <output path="createBpm_Sor_RemittanceRemittance_TransactionBG/createBpm_Sor_RemittanceRemittance_TransactionBGInput/Bpm_Sor_RemittanceRemittance_Transaction/general_informationobj/customer_type"/>
        </assign>
        <assign value="test">
            <output path="createBpm_Sor_RemittanceRemittance_TransactionBG/createBpm_Sor_RemittanceRemittance_TransactionBGInput/Bpm_Sor_RemittanceRemittance_Transaction/general_informationobj/enterprise_payment__approval"/>
        </assign>
        <assign value="0.0">
            <output path="createBpm_Sor_RemittanceRemittance_TransactionBG/createBpm_Sor_RemittanceRemittance_TransactionBGInput/Bpm_Sor_RemittanceRemittance_Transaction/general_informationobj/amount_number"/>
        </assign>
        <assign value="test">
            <output path="createBpm_Sor_RemittanceRemittance_TransactionBG/createBpm_Sor_RemittanceRemittance_TransactionBGInput/Bpm_Sor_RemittanceRemittance_Transaction/general_informationobj/currency_type"/>
        </assign>
        <move>
            <input path="insert/input1/id"/>
            <output path="createBpm_Sor_RemittanceRemittance_TransactionBG/createBpm_Sor_RemittanceRemittance_TransactionBGInput/Bpm_Sor_RemittanceRemittance_Transaction/general_informationobj/id"/>
        </move>
        <move>
            <input path="insert/input1/id"/>
            <output path="createBpm_Sor_RemittanceRemittance_TransactionBG/createBpm_Sor_RemittanceRemittance_TransactionBGInput/Bpm_Sor_RemittanceRemittance_Transaction/accounting_id"/>
        </move>
        <move>
            <input path="insert/input1/id"/>
            <output path="createBpm_Sor_RemittanceRemittance_TransactionBG/createBpm_Sor_RemittanceRemittance_TransactionBGInput/Bpm_Sor_RemittanceRemittance_Transaction/accounting_informationobj/id"/>
        </move>
        <move>
            <input path="insert/input1/account/standInformation"/>
            <output path="createBpm_Sor_RemittanceRemittance_TransactionBG/createBpm_Sor_RemittanceRemittance_TransactionBGInput/Bpm_Sor_RemittanceRemittance_Transaction/accounting_informationobj/standardize_information"/>
        </move>
        <move>
            <input path="insert/input1/id"/>
            <output path="createBpm_Sor_RemittanceRemittance_TransactionBG/createBpm_Sor_RemittanceRemittance_TransactionBGInput/Bpm_Sor_RemittanceRemittance_Transaction/documentobj/id"/>
        </move>
        <move>
            <input path="insert/input1/id"/>
            <output path="createBpm_Sor_RemittanceRemittance_TransactionBG/createBpm_Sor_RemittanceRemittance_TransactionBGInput/Bpm_Sor_RemittanceRemittance_Transaction/document_id"/>
        </move>
        <move>
            <input path="insert/input1/document/transferPurpose"/>
            <output path="createBpm_Sor_RemittanceRemittance_TransactionBG/createBpm_Sor_RemittanceRemittance_TransactionBGInput/Bpm_Sor_RemittanceRemittance_Transaction/documentobj/transfer_purpose"/>
        </move>
        <move>
            <input path="insert/input1/document/commodityType"/>
            <output path="createBpm_Sor_RemittanceRemittance_TransactionBG/createBpm_Sor_RemittanceRemittance_TransactionBGInput/Bpm_Sor_RemittanceRemittance_Transaction/documentobj/commodity_type"/>
        </move>
        <move>
            <input path="insert/input1/document/profileChecklist"/>
            <output path="createBpm_Sor_RemittanceRemittance_TransactionBG/createBpm_Sor_RemittanceRemittance_TransactionBGInput/Bpm_Sor_RemittanceRemittance_Transaction/documentobj/profile_check_list"/>
        </move>
        <move>
            <input path="insert/input1/id"/>
            <output path="createBpm_Sor_RemittanceRemittance_TransactionBG/createBpm_Sor_RemittanceRemittance_TransactionBGInput/Bpm_Sor_RemittanceRemittance_Transaction/t24_entry_informationobj/id"/>
        </move>
        <move>
            <input path="insert/input1/id"/>
            <output path="createBpm_Sor_RemittanceRemittance_TransactionBG/createBpm_Sor_RemittanceRemittance_TransactionBGInput/Bpm_Sor_RemittanceRemittance_Transaction/t24_id"/>
        </move>
        <move>
            <input path="insert/input1/id"/>
            <output path="createBpm_Sor_RemittanceRemittance_TransactionBG/createBpm_Sor_RemittanceRemittance_TransactionBGInput/Bpm_Sor_RemittanceRemittance_Transaction/resource_statusobj/id"/>
        </move>
        <move>
            <input path="insert/input1/id"/>
            <output path="createBpm_Sor_RemittanceRemittance_TransactionBG/createBpm_Sor_RemittanceRemittance_TransactionBGInput/Bpm_Sor_RemittanceRemittance_Transaction/rs_id"/>
        </move>
        <move>
            <input path="insert/input1/informationSource/sourceReportResult"/>
            <output path="createBpm_Sor_RemittanceRemittance_TransactionBG/createBpm_Sor_RemittanceRemittance_TransactionBGInput/Bpm_Sor_RemittanceRemittance_Transaction/resource_statusobj/source_report_results"/>
        </move>
        <move>
            <input path="insert/input1/informationSource/transactionDate"/>
            <output path="createBpm_Sor_RemittanceRemittance_TransactionBG/createBpm_Sor_RemittanceRemittance_TransactionBGInput/Bpm_Sor_RemittanceRemittance_Transaction/resource_statusobj/transaction_date"/>
        </move>
        <move>
            <input path="insert/input1/informationSource/caseReportNo"/>
            <output path="createBpm_Sor_RemittanceRemittance_TransactionBG/createBpm_Sor_RemittanceRemittance_TransactionBGInput/Bpm_Sor_RemittanceRemittance_Transaction/resource_statusobj/report_to_source_case_num"/>
        </move>
        <move>
            <input path="insert/input1/informationSource/sourceReportPurpose"/>
            <output path="createBpm_Sor_RemittanceRemittance_TransactionBG/createBpm_Sor_RemittanceRemittance_TransactionBGInput/Bpm_Sor_RemittanceRemittance_Transaction/resource_statusobj/resource_report_purpose"/>
        </move>
    </mappingDeclaration>
</mappingRoot>